   Compiling execution-gateway v0.1.0 (C:\Users\duong\Downloads\tradingview\.artifacts\mt5-phase4-mutants\execution\crates\execution-gateway)
warning: field `current_lease_generation` is never read
   --> crates\execution-gateway\src\mt5_vm_sync.rs:107:9
    |
106 | pub struct FenceState {
    |            ---------- field in this struct
107 |     pub current_lease_generation: i64,
    |         ^^^^^^^^^^^^^^^^^^^^^^^^
    |
    = note: `FenceState` has derived impls for the traits `Clone` and `Debug`, but these are intentionally ignored during dead code analysis
    = note: `#[warn(dead_code)]` (part of `#[warn(unused)]`) on by default
System.Management.Automation.RemoteException
warning: `execution-gateway` (bin "execution-gateway" test) generated 1 warning
    Finished `test` profile [unoptimized + debuginfo] target(s) in 35.06s
     Running unittests src\main.rs (backend\execution\target\debug\deps\execution_gateway-a7f74c8eaba72c31.exe)

running 1 test
test mt5_vm_sync::tests::stale_lease_generation_is_refused ... FAILED

failures:

---- mt5_vm_sync::tests::stale_lease_generation_is_refused stdout ----

thread 'mt5_vm_sync::tests::stale_lease_generation_is_refused' (21088) panicked at crates\execution-gateway\src\mt5_vm_sync.rs:2048:9:
assertion `left == right` failed
  left: Ok(())
 right: Err(StaleLease)
note: run with `RUST_BACKTRACE=1` environment variable to display a backtrace


failures:
    mt5_vm_sync::tests::stale_lease_generation_is_refused

test result: FAILED. 0 passed; 1 failed; 0 ignored; 0 measured; 92 filtered out; finished in 0.00s

error: test failed, to rerun pass `-p execution-gateway --bin execution-gateway`
