test_demo_read_only_probe_passes_without_emitting_credentials (backend.bridge.mt5_vm.test_phase0_probe.Phase0ProbeTests.test_demo_read_only_probe_passes_without_emitting_credentials) ... ok
test_initialize_failure_is_sanitized_and_does_not_call_shutdown (backend.bridge.mt5_vm.test_phase0_probe.Phase0ProbeTests.test_initialize_failure_is_sanitized_and_does_not_call_shutdown) ... ok
test_live_account_fails_the_phase_zero_gate (backend.bridge.mt5_vm.test_phase0_probe.Phase0ProbeTests.test_live_account_fails_the_phase_zero_gate) ... ok
test_login_failure_is_sanitized_and_shuts_down (backend.bridge.mt5_vm.test_phase0_probe.Phase0ProbeTests.test_login_failure_is_sanitized_and_shuts_down) ... ok
test_main_runs_the_validated_request (backend.bridge.mt5_vm.test_phase0_probe.Phase0ProbeTests.test_main_runs_the_validated_request) ... ok
test_partial_or_extra_credentials_fail_closed (backend.bridge.mt5_vm.test_phase0_probe.Phase0ProbeTests.test_partial_or_extra_credentials_fail_closed) ... ok
test_probe_source_contains_no_trade_mutation_api (backend.bridge.mt5_vm.test_phase0_probe.Phase0ProbeTests.test_probe_source_contains_no_trade_mutation_api) ... ok
test_server_control_characters_fail_closed (backend.bridge.mt5_vm.test_phase0_probe.Phase0ProbeTests.test_server_control_characters_fail_closed) ... ok
test_adapter_has_no_network_or_trade_mutation_surface (backend.bridge.mt5_vm.test_phase1_adapter.Phase1AdapterTests.test_adapter_has_no_network_or_trade_mutation_surface) ... ok
test_authenticated_command_rejects_tamper_replay_and_expiry (backend.bridge.mt5_vm.test_phase1_adapter.Phase1AdapterTests.test_authenticated_command_rejects_tamper_replay_and_expiry) ... ok
test_bootstrap_fails_closed_for_partial_extra_and_control_characters (backend.bridge.mt5_vm.test_phase1_adapter.Phase1AdapterTests.test_bootstrap_fails_closed_for_partial_extra_and_control_characters) ... ok
test_initialize_failure_is_bounded_to_safe_error_classes (backend.bridge.mt5_vm.test_phase1_adapter.Phase1AdapterTests.test_initialize_failure_is_bounded_to_safe_error_classes) ... ok
test_main_runs_snapshot_heartbeat_and_graceful_stop (backend.bridge.mt5_vm.test_phase1_adapter.Phase1AdapterTests.test_main_runs_snapshot_heartbeat_and_graceful_stop) ... ok
test_snapshot_is_complete_and_contains_no_credentials (backend.bridge.mt5_vm.test_phase1_adapter.Phase1AdapterTests.test_snapshot_is_complete_and_contains_no_credentials) ... ok
test_control_channel_detects_tamper_replay_and_cross_account (backend.bridge.mt5_vm.test_phase1_control_harness.Phase1ControlHarnessTests.test_control_channel_detects_tamper_replay_and_cross_account) ... ok
test_entrypoint_requires_slots_and_separates_signed_agent_from_live_host (backend.bridge.mt5_vm.test_phase1_control_harness.Phase1ControlHarnessTests.test_entrypoint_requires_slots_and_separates_signed_agent_from_live_host) ... ok
test_request_rejects_relative_paths_without_echoing_credentials (backend.bridge.mt5_vm.test_phase1_control_harness.Phase1ControlHarnessTests.test_request_rejects_relative_paths_without_echoing_credentials) ... ok
test_snapshot_gate_requires_complete_demo_identity_and_reads (backend.bridge.mt5_vm.test_phase1_control_harness.Phase1ControlHarnessTests.test_snapshot_gate_requires_complete_demo_identity_and_reads) ... ok
test_a_failed_account_does_not_fail_the_other_families (backend.bridge.mt5_vm.test_phase4_snapshots.CollectorTests.test_a_failed_account_does_not_fail_the_other_families) ... ok
test_an_exception_is_treated_as_a_failed_family (backend.bridge.mt5_vm.test_phase4_snapshots.CollectorTests.test_an_exception_is_treated_as_a_failed_family) ... ok
test_empty_tuple_is_a_complete_empty_family (backend.bridge.mt5_vm.test_phase4_snapshots.CollectorTests.test_empty_tuple_is_a_complete_empty_family) ... ok
test_history_empty_is_complete_but_failure_is_not_authoritative (backend.bridge.mt5_vm.test_phase4_snapshots.CollectorTests.test_history_empty_is_complete_but_failure_is_not_authoritative) ... ok
test_instrument_filter_selects_only_requested_symbols (backend.bridge.mt5_vm.test_phase4_snapshots.CollectorTests.test_instrument_filter_selects_only_requested_symbols) ... ok
test_no_credential_material_appears_in_any_envelope (backend.bridge.mt5_vm.test_phase4_snapshots.CollectorTests.test_no_credential_material_appears_in_any_envelope) ... ok
test_none_from_mt5_is_failed_not_empty (backend.bridge.mt5_vm.test_phase4_snapshots.CollectorTests.test_none_from_mt5_is_failed_not_empty) ... ok
test_one_unusable_row_downgrades_to_partial_and_keeps_the_rest (backend.bridge.mt5_vm.test_phase4_snapshots.CollectorTests.test_one_unusable_row_downgrades_to_partial_and_keeps_the_rest) ... ok
test_a_filled_order_type_is_not_a_pending_order (backend.bridge.mt5_vm.test_phase4_snapshots.NormalizationTests.test_a_filled_order_type_is_not_a_pending_order) ... ok
test_account_is_normalized_to_stable_names_and_strings (backend.bridge.mt5_vm.test_phase4_snapshots.NormalizationTests.test_account_is_normalized_to_stable_names_and_strings) ... ok
test_every_decimal_field_leaves_as_a_string (backend.bridge.mt5_vm.test_phase4_snapshots.NormalizationTests.test_every_decimal_field_leaves_as_a_string) ... ok
test_history_orders_and_deals_normalize_to_stable_string_contracts (backend.bridge.mt5_vm.test_phase4_snapshots.NormalizationTests.test_history_orders_and_deals_normalize_to_stable_string_contracts) ... ok
test_instrument_filling_modes_decode_from_the_bit_mask (backend.bridge.mt5_vm.test_phase4_snapshots.NormalizationTests.test_instrument_filling_modes_decode_from_the_bit_mask) ... ok
test_instrument_trade_mode_is_named (backend.bridge.mt5_vm.test_phase4_snapshots.NormalizationTests.test_instrument_trade_mode_is_named) ... ok
test_invalid_ticket_is_refused (backend.bridge.mt5_vm.test_phase4_snapshots.NormalizationTests.test_invalid_ticket_is_refused) ... ok
test_non_finite_numbers_are_refused (backend.bridge.mt5_vm.test_phase4_snapshots.NormalizationTests.test_non_finite_numbers_are_refused) ... ok
test_pending_order_types_are_named (backend.bridge.mt5_vm.test_phase4_snapshots.NormalizationTests.test_pending_order_types_are_named) ... ok
test_position_side_and_ticket_contract (backend.bridge.mt5_vm.test_phase4_snapshots.NormalizationTests.test_position_side_and_ticket_contract) ... ok
test_unknown_enum_values_are_refused_rather_than_guessed (backend.bridge.mt5_vm.test_phase4_snapshots.NormalizationTests.test_unknown_enum_values_are_refused_rather_than_guessed) ... ok
System.Management.Automation.RemoteException
----------------------------------------------------------------------
Ran 37 tests in 1.087s
System.Management.Automation.RemoteException
OK
